---
source: tests/api_schema.rs
expression: errors
---
The following errors occurred:

  - Type `Scalar` is @inaccessible but is referenced by `Referencer1.somefield`, which is in the API schema.

  - Type `Scalar` is @inaccessible but is referenced by `Referencer3.someField(someArg:)`, which is in the API schema.

  - Type `Scalar` is @inaccessible but is referenced by `Referencer2.somefield`, which is in the API schema.

  - Type `Scalar` is @inaccessible but is referenced by `Referencer4.someField(someArg:)`, which is in the API schema.

  - Type `Scalar` is @inaccessible but is referenced by `Referencer5.someField`, which is in the API schema.

  - Type `Scalar` is @inaccessible but is referenced by `@referencer6(someArg:)`, which is in the API schema.
