---
source: tests/api_schema.rs
expression: errors
---
The following errors occurred:

  - Type `Query` is @inaccessible but is the query root type, which must be in the API schema.

  - Type `Object` is @inaccessible but is referenced by `Referencer1.someField`, which is in the API schema.

  - Type `Object` is @inaccessible but is referenced by `Referencer2.someField`, which is in the API schema.

  - Type `Referencer3` is in the API schema but all of its members are @inaccessible.
